// Jest Snapshot v1, https://goo.gl/fbAQLP

exports[`MainContainer Snapshots renders 1`] = `
<div
  className="sc-AxjAm kIeaYs"
/>
`;
