// Jest Snapshot v1, https://goo.gl/fbAQLP

exports[`Pellet Snapshots renders 1`] = `
<div
  className="sc-AxjAm iGHMJJ"
/>
`;
