// Jest Snapshot v1, https://goo.gl/fbAQLP

exports[`Responsive Snapshots renders 1`] = `
<div
  className="sc-AxjAm fIpvdq"
>
  Show the content
</div>
`;
